usearch v11.0.667_i86osx64, 8.6Gb RAM, 8 cores
(C) Copyright 2013-18 Robert C. Edgar, all rights reserved.
https://drive5.com/usearch

From 2024 donated to public domain under CC0-1.0 license


Merging
  Fwd /Users/marnavisagie/Documents/DNA_trail_02/Fastq/293_S71_L001_R1_001.fastq
  Rev /Users/marnavisagie/Documents/DNA_trail_02/Fastq/293_S71_L001_R2_001.fastq
  Keep read labels

00:00 5.6Mb  FASTQ base 33 for file /Users/marnavisagie/Documents/DNA_trail_02/Fastq/293_S71_L001_R1_001.fastq
00:00 6.0Mb     0.1% 0% merged00:01 49Mb      1.7% 97.0% merged00:01 49Mb    100.0% 97.2% merged

Totals:
     63007  Pairs (63.0k)
     61245  Merged (61.2k, 97.20%)
     56661  Alignments with zero diffs (89.93%)
       726  Too many diffs (> 5) (1.15%)
         2  Fwd tails Q <= 2 trimmed (0.00%)
         2  Rev tails Q <= 2 trimmed (0.00%)
       976  Fwd too short (< 64) after tail trimming (1.55%)
        20  Rev too short (< 64) after tail trimming (0.03%)
        40  No alignment found (0.06%)
         0  Alignment too short (< 16) (0.00%)
       520  Staggered pairs (0.83%) merged & trimmed
    139.30  Mean alignment length
    139.30  Mean merged length
      0.06  Mean fwd expected errors
      0.07  Mean rev expected errors
      0.02  Mean merged expected errors
