usearch v11.0.667_i86osx64, 8.6Gb RAM, 8 cores
(C) Copyright 2013-18 Robert C. Edgar, all rights reserved.
https://drive5.com/usearch

From 2024 donated to public domain under CC0-1.0 license


Merging
  Fwd /Users/marnavisagie/Documents/DNA_trail_02/Fastq/295_S73_L001_R1_001.fastq
  Rev /Users/marnavisagie/Documents/DNA_trail_02/Fastq/295_S73_L001_R2_001.fastq
  Keep read labels

00:00 5.6Mb  FASTQ base 33 for file /Users/marnavisagie/Documents/DNA_trail_02/Fastq/295_S73_L001_R1_001.fastq
00:00 5.9Mb     0.1% 0% merged00:00 31Mb    100.0% 35.1% merged

Totals:
     53396  Pairs (53.4k)
     18756  Merged (18.8k, 35.13%)
     17217  Alignments with zero diffs (32.24%)
       396  Too many diffs (> 5) (0.74%)
         1  Fwd tails Q <= 2 trimmed (0.00%)
         0  Rev tails Q <= 2 trimmed (0.00%)
     33884  Fwd too short (< 64) after tail trimming (63.46%)
       303  Rev too short (< 64) after tail trimming (0.57%)
        57  No alignment found (0.11%)
         0  Alignment too short (< 16) (0.00%)
       371  Staggered pairs (0.69%) merged & trimmed
    138.82  Mean alignment length
    138.82  Mean merged length
      0.05  Mean fwd expected errors
      0.11  Mean rev expected errors
      0.02  Mean merged expected errors
