usearch v11.0.667_i86osx64, 8.6Gb RAM, 8 cores
(C) Copyright 2013-18 Robert C. Edgar, all rights reserved.
https://drive5.com/usearch

From 2024 donated to public domain under CC0-1.0 license


Merging
  Fwd /Users/marnavisagie/Documents/DNA_trail_02/Fastq/296_S77_L001_R1_001.fastq
  Rev /Users/marnavisagie/Documents/DNA_trail_02/Fastq/296_S77_L001_R2_001.fastq
  Keep read labels

00:00 5.6Mb  FASTQ base 33 for file /Users/marnavisagie/Documents/DNA_trail_02/Fastq/296_S77_L001_R1_001.fastq
00:00 5.9Mb     0.1% 0% merged00:00 37Mb    100.0% 56.5% merged

Totals:
     57674  Pairs (57.7k)
     32593  Merged (32.6k, 56.51%)
     30033  Alignments with zero diffs (52.07%)
       519  Too many diffs (> 5) (0.90%)
        23  Fwd tails Q <= 2 trimmed (0.04%)
         0  Rev tails Q <= 2 trimmed (0.00%)
     24241  Fwd too short (< 64) after tail trimming (42.03%)
       247  Rev too short (< 64) after tail trimming (0.43%)
        74  No alignment found (0.13%)
         0  Alignment too short (< 16) (0.00%)
       516  Staggered pairs (0.89%) merged & trimmed
    139.15  Mean alignment length
    139.15  Mean merged length
      0.05  Mean fwd expected errors
      0.10  Mean rev expected errors
      0.02  Mean merged expected errors
