usearch v11.0.667_i86osx64, 8.6Gb RAM, 8 cores
(C) Copyright 2013-18 Robert C. Edgar, all rights reserved.
https://drive5.com/usearch

From 2024 donated to public domain under CC0-1.0 license


Merging
  Fwd /Users/marnavisagie/Documents/DNA_trail_02/Fastq/298_S79_L001_R1_001.fastq
  Rev /Users/marnavisagie/Documents/DNA_trail_02/Fastq/298_S79_L001_R2_001.fastq
  Keep read labels

00:00 5.6Mb  FASTQ base 33 for file /Users/marnavisagie/Documents/DNA_trail_02/Fastq/298_S79_L001_R1_001.fastq
00:00 5.9Mb     0.1% 0% merged00:01 53Mb     87.6% 98.2% merged00:01 53Mb    100.0% 98.2% merged

Totals:
     68045  Pairs (68.0k)
     66846  Merged (66.8k, 98.24%)
     61477  Alignments with zero diffs (90.35%)
       632  Too many diffs (> 5) (0.93%)
         4  Fwd tails Q <= 2 trimmed (0.01%)
         0  Rev tails Q <= 2 trimmed (0.00%)
       499  Fwd too short (< 64) after tail trimming (0.73%)
         8  Rev too short (< 64) after tail trimming (0.01%)
        60  No alignment found (0.09%)
         0  Alignment too short (< 16) (0.00%)
       415  Staggered pairs (0.61%) merged & trimmed
    138.95  Mean alignment length
    138.95  Mean merged length
      0.07  Mean fwd expected errors
      0.07  Mean rev expected errors
      0.02  Mean merged expected errors
