usearch v11.0.667_i86osx64, 8.6Gb RAM, 8 cores
(C) Copyright 2013-18 Robert C. Edgar, all rights reserved.
https://drive5.com/usearch

From 2024 donated to public domain under CC0-1.0 license


Merging
  Fwd /Users/marnavisagie/Documents/DNA_trail_02/Fastq/299_S80_L001_R1_001.fastq
  Rev /Users/marnavisagie/Documents/DNA_trail_02/Fastq/299_S80_L001_R2_001.fastq
  Keep read labels

00:00 5.6Mb  FASTQ base 33 for file /Users/marnavisagie/Documents/DNA_trail_02/Fastq/299_S80_L001_R1_001.fastq
00:00 5.9Mb     0.1% 0% merged00:00 38Mb    100.0% 93.2% merged

Totals:
     48010  Pairs (48.0k)
     44755  Merged (44.8k, 93.22%)
     41252  Alignments with zero diffs (85.92%)
       791  Too many diffs (> 5) (1.65%)
         2  Fwd tails Q <= 2 trimmed (0.00%)
        15  Rev tails Q <= 2 trimmed (0.03%)
      2376  Fwd too short (< 64) after tail trimming (4.95%)
        40  Rev too short (< 64) after tail trimming (0.08%)
        48  No alignment found (0.10%)
         0  Alignment too short (< 16) (0.00%)
       604  Staggered pairs (1.26%) merged & trimmed
    138.95  Mean alignment length
    138.95  Mean merged length
      0.04  Mean fwd expected errors
      0.11  Mean rev expected errors
      0.02  Mean merged expected errors
