usearch v11.0.667_i86osx64, 8.6Gb RAM, 8 cores
(C) Copyright 2013-18 Robert C. Edgar, all rights reserved.
https://drive5.com/usearch

From 2024 donated to public domain under CC0-1.0 license


Merging
  Fwd /Users/marnavisagie/Documents/DNA_trail_02/Fastq/301_S82_L001_R1_001.fastq
  Rev /Users/marnavisagie/Documents/DNA_trail_02/Fastq/301_S82_L001_R2_001.fastq
  Keep read labels

00:00 5.6Mb  FASTQ base 33 for file /Users/marnavisagie/Documents/DNA_trail_02/Fastq/301_S82_L001_R1_001.fastq
00:00 5.9Mb     0.1% 0% merged00:00 30Mb    100.0% 44.7% merged

Totals:
     46368  Pairs (46.4k)
     20723  Merged (20.7k, 44.69%)
     18554  Alignments with zero diffs (40.01%)
       427  Too many diffs (> 5) (0.92%)
        74  Fwd tails Q <= 2 trimmed (0.16%)
        72  Rev tails Q <= 2 trimmed (0.16%)
     24874  Fwd too short (< 64) after tail trimming (53.64%)
       287  Rev too short (< 64) after tail trimming (0.62%)
        57  No alignment found (0.12%)
         0  Alignment too short (< 16) (0.00%)
       241  Staggered pairs (0.52%) merged & trimmed
    136.32  Mean alignment length
    136.32  Mean merged length
      0.07  Mean fwd expected errors
      0.10  Mean rev expected errors
      0.02  Mean merged expected errors
